mode: set
BuildFromBat/create-bat/create-bat.go:10.83,11.36 1 0
BuildFromBat/create-bat/create-bat.go:11.36,13.6 1 0
BuildFromBat/create-bat/create-bat.go:14.5,14.45 1 0
BuildFromBat/create-bat/create-bat.go:14.45,16.6 1 0
BuildFromBat/create-bat/create-bat.go:20.45,24.27 2 0
BuildFromBat/create-bat/create-bat.go:24.27,26.23 2 0
BuildFromBat/create-bat/create-bat.go:26.23,29.10 2 0
BuildFromBat/create-bat/create-bat.go:33.5,34.32 2 0
BuildFromBat/create-bat/create-bat.go:34.32,36.6 1 0
BuildFromBat/create-bat/create-bat.go:39.5,45.37 3 0
BuildFromBat/create-bat/create-bat.go:45.37,47.6 1 0
BuildFromBat/create-bat/create-bat.go:48.5,51.50 2 0
BuildFromBat/create-bat/create-bat.go:51.50,53.6 1 0
BuildFromBat/create-bat/create-bat.go:56.5,56.41 1 0
BuildFromBat/create-bat/create-bat.go:56.41,58.6 1 0
BuildFromBat/create-bat/create-bat.go:61.5,61.50 1 0
BuildFromBat/create-bat/create-bat.go:61.50,63.6 1 0
BuildFromBat/create-bat/create-bat.go:66.5,66.41 1 0
BuildFromBat/create-bat/create-bat.go:66.41,68.6 1 0
BuildFromBat/create-bat/create-bat.go:71.5,77.40 3 0
BuildFromBat/create-bat/create-bat.go:77.40,79.6 1 0
BuildFromBat/create-bat/create-bat.go:82.5,83.19 2 0
BuildFromBat/create-bat/create-bat.go:83.19,86.6 2 0
BuildFromBat/BuildFromBat.go:13.13,16.23 2 0
BuildFromBat/BuildFromBat.go:16.23,19.6 2 0
BuildFromBat/BuildFromBat.go:21.5,22.19 2 0
BuildFromBat/BuildFromBat.go:22.19,24.6 1 0
BuildFromBat/BuildFromBat.go:27.5,28.29 2 0
BuildFromBat/BuildFromBat.go:28.29,29.52 1 0
BuildFromBat/BuildFromBat.go:29.52,31.10 1 0
BuildFromBat/BuildFromBat.go:31.15,31.57 1 0
BuildFromBat/BuildFromBat.go:31.57,33.10 1 0
BuildFromBat/BuildFromBat.go:33.15,36.10 2 0
BuildFromBat/BuildFromBat.go:39.5,42.48 3 0
BuildFromBat/process-json/process-json.go:21.61,26.19 3 0
BuildFromBat/process-json/process-json.go:26.19,32.43 5 0
BuildFromBat/process-json/process-json.go:32.43,35.10 2 0
BuildFromBat/process-json/process-json.go:37.9,37.61 1 0
BuildFromBat/process-json/process-json.go:40.5,44.19 3 0
BuildFromBat/process-json/process-json.go:44.19,47.6 2 0
BuildFromBat/process-json/process-json.go:49.5,51.19 2 0
BuildFromBat/process-json/process-json.go:51.19,54.6 2 0
BuildFromBat/process-json/process-json.go:56.5,56.21 1 0
BuildFromBat/filesystem/filesystem.go:19.64,21.33 2 0
BuildFromBat/filesystem/filesystem.go:21.33,23.6 1 0
BuildFromBat/filesystem/filesystem.go:25.5,25.39 1 0
BuildFromBat/filesystem/filesystem.go:25.39,28.6 2 0
BuildFromBat/filesystem/filesystem.go:29.5,29.33 1 0
BuildFromBat/filesystem/filesystem.go:29.33,31.6 1 0
BuildFromBat/filesystem/filesystem.go:34.48,36.33 2 0
BuildFromBat/filesystem/filesystem.go:36.33,38.6 1 0
BuildFromBat/filesystem/filesystem.go:40.5,40.39 1 0
BuildFromBat/filesystem/filesystem.go:40.39,43.6 2 0
BuildFromBat/filesystem/filesystem.go:44.5,44.33 1 0
BuildFromBat/filesystem/filesystem.go:44.33,46.6 1 0
BuildFromBat/filesystem/filesystem.go:49.76,53.20 3 0
BuildFromBat/filesystem/filesystem.go:53.20,56.6 2 0
BuildFromBat/filesystem/filesystem.go:57.5,60.20 3 0
BuildFromBat/filesystem/filesystem.go:60.20,63.6 2 0
BuildFromBat/filesystem/filesystem.go:66.5,66.36 1 0
BuildFromBat/filesystem/filesystem.go:66.36,68.24 2 0
BuildFromBat/filesystem/filesystem.go:68.24,70.21 2 0
BuildFromBat/filesystem/filesystem.go:74.9,75.47 2 0
BuildFromBat/filesystem/filesystem.go:75.47,77.27 2 0
BuildFromBat/filesystem/filesystem.go:77.27,80.14 2 0
BuildFromBat/filesystem/filesystem.go:82.13,82.44 1 0
BuildFromBat/filesystem/filesystem.go:82.44,84.22 2 0
BuildFromBat/filesystem/filesystem.go:87.9,87.22 1 0
BuildFromBat/filesystem/filesystem.go:87.22,87.32 1 0
BuildFromBat/filesystem/filesystem.go:89.9,92.31 3 0
BuildFromBat/filesystem/filesystem.go:92.31,97.10 1 0
BuildFromBat/filesystem/filesystem.go:97.15,98.43 1 0
BuildFromBat/filesystem/filesystem.go:98.43,100.10 1 0
BuildFromBat/filesystem/filesystem.go:103.5,103.18 1 0
BuildFromBat/create-bat/create-bat.go:10.83,11.36 1 1
BuildFromBat/create-bat/create-bat.go:11.36,13.6 1 1
BuildFromBat/create-bat/create-bat.go:14.5,14.45 1 1
BuildFromBat/create-bat/create-bat.go:14.45,16.6 1 1
BuildFromBat/create-bat/create-bat.go:20.45,24.27 2 1
BuildFromBat/create-bat/create-bat.go:24.27,26.23 2 0
BuildFromBat/create-bat/create-bat.go:26.23,29.10 2 0
BuildFromBat/create-bat/create-bat.go:33.5,34.32 2 1
BuildFromBat/create-bat/create-bat.go:34.32,36.6 1 1
BuildFromBat/create-bat/create-bat.go:39.5,45.37 3 1
BuildFromBat/create-bat/create-bat.go:45.37,47.6 1 1
BuildFromBat/create-bat/create-bat.go:48.5,51.50 2 1
BuildFromBat/create-bat/create-bat.go:51.50,53.6 1 1
BuildFromBat/create-bat/create-bat.go:56.5,56.41 1 1
BuildFromBat/create-bat/create-bat.go:56.41,58.6 1 1
BuildFromBat/create-bat/create-bat.go:61.5,61.50 1 1
BuildFromBat/create-bat/create-bat.go:61.50,63.6 1 1
BuildFromBat/create-bat/create-bat.go:66.5,66.41 1 1
BuildFromBat/create-bat/create-bat.go:66.41,68.6 1 1
BuildFromBat/create-bat/create-bat.go:71.5,77.40 3 1
BuildFromBat/create-bat/create-bat.go:77.40,79.6 1 1
BuildFromBat/create-bat/create-bat.go:82.5,83.19 2 1
BuildFromBat/create-bat/create-bat.go:83.19,86.6 2 0
BuildFromBat/filesystem/filesystem.go:19.64,21.33 2 1
BuildFromBat/filesystem/filesystem.go:21.33,23.6 1 1
BuildFromBat/filesystem/filesystem.go:25.5,25.39 1 1
BuildFromBat/filesystem/filesystem.go:25.39,28.6 2 1
BuildFromBat/filesystem/filesystem.go:29.5,29.33 1 1
BuildFromBat/filesystem/filesystem.go:29.33,31.6 1 1
BuildFromBat/filesystem/filesystem.go:34.48,36.33 2 0
BuildFromBat/filesystem/filesystem.go:36.33,38.6 1 0
BuildFromBat/filesystem/filesystem.go:40.5,40.39 1 0
BuildFromBat/filesystem/filesystem.go:40.39,43.6 2 0
BuildFromBat/filesystem/filesystem.go:44.5,44.33 1 0
BuildFromBat/filesystem/filesystem.go:44.33,46.6 1 0
BuildFromBat/filesystem/filesystem.go:49.76,53.20 3 1
BuildFromBat/filesystem/filesystem.go:53.20,56.6 2 0
BuildFromBat/filesystem/filesystem.go:57.5,60.20 3 1
BuildFromBat/filesystem/filesystem.go:60.20,63.6 2 0
BuildFromBat/filesystem/filesystem.go:66.5,66.36 1 1
BuildFromBat/filesystem/filesystem.go:66.36,68.24 2 1
BuildFromBat/filesystem/filesystem.go:68.24,70.21 2 0
BuildFromBat/filesystem/filesystem.go:74.9,75.47 2 1
BuildFromBat/filesystem/filesystem.go:75.47,77.27 2 1
BuildFromBat/filesystem/filesystem.go:77.27,80.14 2 0
BuildFromBat/filesystem/filesystem.go:82.13,82.44 1 1
BuildFromBat/filesystem/filesystem.go:82.44,84.22 2 1
BuildFromBat/filesystem/filesystem.go:87.9,87.22 1 1
BuildFromBat/filesystem/filesystem.go:87.22,87.32 1 1
BuildFromBat/filesystem/filesystem.go:89.9,92.31 3 1
BuildFromBat/filesystem/filesystem.go:92.31,97.10 1 1
BuildFromBat/filesystem/filesystem.go:97.15,98.43 1 1
BuildFromBat/filesystem/filesystem.go:98.43,100.10 1 1
BuildFromBat/filesystem/filesystem.go:103.5,103.18 1 1
BuildFromBat/process-json/process-json.go:21.61,26.19 3 1
BuildFromBat/process-json/process-json.go:26.19,32.43 5 1
BuildFromBat/process-json/process-json.go:32.43,35.10 2 1
BuildFromBat/process-json/process-json.go:37.9,37.61 1 0
BuildFromBat/process-json/process-json.go:40.5,44.19 3 1
BuildFromBat/process-json/process-json.go:44.19,47.6 2 0
BuildFromBat/process-json/process-json.go:49.5,51.19 2 1
BuildFromBat/process-json/process-json.go:51.19,54.6 2 1
BuildFromBat/process-json/process-json.go:56.5,56.21 1 1
